C51 COMPILER V9.60.0.0   DOORLOCK                                                          07/05/2021 13:44:15 PAGE 1   


C51 COMPILER V9.60.0.0, COMPILATION OF MODULE DOORLOCK
OBJECT MODULE PLACED IN .\Objects\doorlock.obj
COMPILER INVOKED BY: C:\Keil_v5\C51\BIN\C51.EXE D:\8051 codes\doorlock.c OPTIMIZE(8,SPEED) BROWSE DEBUG OBJECTEXTEND PRI
                    -NT(.\Listings\doorlock.lst) TABS(2) OBJECT(.\Objects\doorlock.obj)

line level    source

   1          #include<reg51.h>
   2          
   3          // Port P1 for lcd commands (datalines)
   4          
   5          // Port P2.0 to P2.3 for 4 rows of lcd
   6          // Keypad pins
   7          // Row pins
   8          sbit r1=P2^0;   // Initializing rows    
   9          sbit r2=P2^1;   // and setting them 
  10          sbit r3=P2^2;   // with port p2.0,
  11          sbit r4=P2^3;   // p2.1, p2.2, p2.3
  12          
  13          sbit lock=P2^4;   // Toggle to lock door
  14          sbit alarm=P2^5;  // Buzzer alert
  15          
  16          // Port P3.0 to P3.2 for 3 columns if lcd
  17          // Column pins
  18          sbit c1=P3^0;   // Initializing columns
  19          sbit c2=P3^1;   // and setting them with
  20          sbit c3=P3^2;   // port p3.0 p3.1, p2.2
  21          
  22          // Port P3.3 and P3.4 for motor
  23          // Motor pins
  24          sbit motp1=P3^3;
  25          sbit motp2=P3^4;
  26          
  27          // Port P3.5 to P3.7 for lcd
  28          // LCD pins
  29          sbit rs=P3^5;   // For lcd command(0)/data(1)
  30          sbit rw=P3^6;   // For read(1)/write(0)
  31          sbit en=P3^7;   // Enable
  32          
  33          void lcdcmd(unsigned char);
  34          void lcddat(unsigned char);
  35          void lcddisplay(unsigned char *q);
  36          char keypad();
  37          void check();
  38          void delay(unsigned int);
  39          void reset();
  40          
  41          unsigned char pin[] = "12345";  //password
  42          unsigned char epin[5];  //password to be entered
  43          int unlocked = 0;
  44          int count = 0;
  45          
  46          void main(){
  47   1        lcdcmd(0x0F);   // Command for blinking cursor
  48   1        lcdcmd(0x38);   // Command to recieve input
  49   1        lcdcmd(0x01);   // Clear screen
  50   1        
  51   1        while(1){
  52   2            unsigned int i=0;
  53   2              
  54   2              if(count==3){
C51 COMPILER V9.60.0.0   DOORLOCK                                                          07/05/2021 13:44:15 PAGE 2   

  55   3              int i;
  56   3              lcdcmd(0x80);
  57   3              lcddisplay("ACCESS DENIED!");
  58   3              for(i=0; i<100; i++){
  59   4                if(i%2==0){
  60   5                  alarm = 0;
  61   5                  delay(1000);
  62   5                }
  63   4                else{
  64   5                  alarm=1;
  65   5                  delay(1000);
  66   5                }
  67   4              }
  68   3            }
  69   2          else{
  70   3              if(!unlocked){
  71   4              lcdcmd(0x80);   // First row first column of lcd
  72   4              lcddisplay("Password: ");
  73   4              delay(1000);    
  74   4              lcdcmd(0xc0);   // Take cursor after "Password"
  75   4              while(pin[i] != '\0'){
  76   5                epin[i] = keypad();
  77   5                lcdcmd(0xc0+i);
  78   5                delay(1000);
  79   5                lcddat('*');
  80   5                delay(100);
  81   5                i++;
  82   5              }
  83   4              check();
  84   4            }
  85   3              if(lock==1){
  86   4                motp1=1;    // Controlling the 
  87   4                motp2=1;    //  motors
  88   4                
  89   4                lcdcmd(0x01);   // Command to print on first line
  90   4                lcdcmd(0x81);   // Command to print on first line
  91   4                lcddisplay("DOOR LOCKED!");
  92   4                delay(100);
  93   4                motp1=1;
  94   4                motp2=1;
  95   4                lcdcmd(0x01);   // Command to clear screen
  96   4                
  97   4                lock=0;
  98   4                unlocked=0;
  99   4              }
 100   3            }
 101   2        }
 102   1      }
 103          
 104          void reset(){
 105   1        c1=c2=c3=1;
 106   1      }
 107          
 108          void delay(unsigned int i){   // Delay function
 109   1        int a, b;
 110   1        for(a=0;a<i;a++){
 111   2          for(b=0; b<10;b++);
 112   2        }
 113   1      }
 114          
 115          void lcdcmd(unsigned char a){   // LCD command function
 116   1        P1=a;                         // Sends command from port to display
C51 COMPILER V9.60.0.0   DOORLOCK                                                          07/05/2021 13:44:15 PAGE 3   

 117   1        rs=0;                         // Input is a command
 118   1        rw=0;                         // Input written to LCD   
 119   1        en=1;                         // Enable off
 120   1        
 121   1        delay(1000);
 122   1        en=0;                         // Enable on
 123   1      }
 124          
 125          void lcddat(unsigned char i){   // LCD data function
 126   1        P1=i;                         // Send data from port to display
 127   1        rs=1;                         // Input is data    
 128   1        rw=0;                         // Input is to be written to LCD
 129   1        en=1;                         // Enable off
 130   1        
 131   1        delay(1000);
 132   1        en=0;                         // Enable on
 133   1      }
 134          
 135          void lcddisplay(unsigned char *q){    //LCD display fucnction
 136   1        int k;
 137   1        for(k=0; q[k] != '\0'; k++){
 138   2            lcddat(q[k]);
 139   2        }
 140   1        delay(10000);
 141   1      }
 142          
 143          char keypad(){
 144   1        int x=0;
 145   1        
 146   1        while(x==0){
 147   2          //if(r1==0){
 148   2            r1=0; r2=1; r3=1; r4=1;   // For row 1
 149   2            if(c1==0){
 150   3            lcddat('1');
 151   3            delay(100);
 152   3            x=1;
 153   3            return '1';
 154   3          }
 155   2          if(c2==0){
 156   3            lcddat('2');
 157   3            delay(100);
 158   3            x=1;
 159   3            return '2';
 160   3          }
 161   2          if(c3==0){
 162   3            lcddat('3');
 163   3            delay(100);
 164   3            x=1;
 165   3            return '3';
 166   3          }
 167   2          //}
 168   2          
 169   2          r1=1; r2=0; r3=1; r4=1;   // For row 2
 170   2          //if(r2==0){
 171   2            if(c1==0){
 172   3            lcddat('4');
 173   3            delay(100);
 174   3            x=1;
 175   3            return '4';
 176   3          }
 177   2          
 178   2          if(c2==0){
C51 COMPILER V9.60.0.0   DOORLOCK                                                          07/05/2021 13:44:15 PAGE 4   

 179   3            lcddat('5');
 180   3            delay(100);
 181   3            x=1;
 182   3            return '5';
 183   3          }
 184   2          if(c3==0){
 185   3            lcddat('6');
 186   3            delay(100);
 187   3            x=1;
 188   3            return '6';
 189   3          }
 190   2          //}
 191   2          
 192   2          r1=1; r2=1; r3=0; r4=1;   // For row 3
 193   2          //if(r3 == 0){
 194   2            if(c1==0){
 195   3            lcddat('7');
 196   3            delay(100);
 197   3            x=1;
 198   3            return '7';
 199   3          }
 200   2          if(c2==0){
 201   3            lcddat('8');
 202   3            delay(100);
 203   3            x=1;
 204   3            return '8';
 205   3          }
 206   2          if(c3==0){
 207   3            lcddat('9');
 208   3            delay(100);
 209   3            x=1;
 210   3            return '9';
 211   3          }
 212   2          //}
 213   2          
 214   2          r1=1; r2=1; r3=1; r4=0;   // For row 4
 215   2          //if(r4==0){
 216   2            if(c1==0){
 217   3            lcddat('*');
 218   3            delay(100);
 219   3            x=1;
 220   3            return '*';
 221   3          }
 222   2          
 223   2          if(c2==0){
 224   3            lcddat('0');
 225   3            delay(100);
 226   3            x=1;
 227   3            return '0';
 228   3          }
 229   2          
 230   2          if(c3==0){
 231   3            lcddat('#');
 232   3            delay(100);
 233   3            x=1;
 234   3            return '#';
 235   3          }
 236   2          //}
 237   2          
 238   2        }
 239   1      }
 240          
C51 COMPILER V9.60.0.0   DOORLOCK                                                          07/05/2021 13:44:15 PAGE 5   

 241          void check(){   //To check for password
 242   1        if(pin[0] == epin[0] && pin[1] == epin[1] && pin[2] == epin[2] && pin[3] == epin[3] && pin[4] == epin[4])
             -{
 243   2          delay(1000);
 244   2          lcdcmd(0x01);   // Command to clear screen
 245   2          lcdcmd(0x81);   // Command to print on first line
 246   2          
 247   2          lcddisplay("DOOR UNLOCKED!");
 248   2          delay(1000);
 249   2          lcdcmd(0x01);   // Command to clear screen
 250   2          
 251   2          motp1=1;    // Controlling the 
 252   2          motp2=0;    //  motors
 253   2        
 254   2          lcdcmd(0x81);   // Command to print on second line
 255   2          lcddisplay("WELCOME!");
 256   2          delay(100000);
 257   2          motp1=1;
 258   2          motp2=0;
 259   2          //lcdcmd(0x01);   // Command to clear screen
 260   2        
 261   2          unlocked=1;
 262   2        
 263   2          reset();
 264   2        }
 265   1        else{
 266   2          lcdcmd(0x01);   // Command to clear screen
 267   2          lcdcmd(0x80);
 268   2          lcddisplay("INCORRECT PIN!");
 269   2          delay(1000);
 270   2          lcdcmd(0x01);   // Command to clear screen
 271   2          count++;
 272   2          
 273   2        }
 274   1      }
*** WARNING C291 IN LINE 239 OF D:\8051 codes\doorlock.c: not every exit path returns a value


MODULE INFORMATION:   STATIC OVERLAYABLE
   CODE SIZE        =    671    ----
   CONSTANT SIZE    =     78    ----
   XDATA SIZE       =   ----    ----
   PDATA SIZE       =   ----    ----
   DATA SIZE        =     15       9
   IDATA SIZE       =   ----    ----
   BIT SIZE         =   ----    ----
END OF MODULE INFORMATION.


C51 COMPILATION COMPLETE.  1 WARNING(S),  0 ERROR(S)
